assets\favicon.ico
assets\css\article.css
assets\css\base.css
assets\css\comment.css
assets\css\fonts.css
assets\css\footer.css
assets\css\header.css
assets\css\moment.css
assets\css\pager.min.css
assets\css\player.css
assets\css\userCard.css
assets\css\video.css
assets\css\viewer.css
assets\css\viewer.min.css
assets\emot\emotion.json
assets\emot\emotion_map.json
assets\emot\icon.png
assets\emot\ac\01.gif
assets\emot\ac\02.gif
assets\emot\ac\03.gif
assets\emot\ac\04.gif
assets\emot\ac\05.gif
assets\emot\ac\06.gif
assets\emot\ac\07.gif
assets\emot\ac\08.gif
assets\emot\ac\09.gif
assets\emot\ac\1.gif
assets\emot\ac\10.gif
assets\emot\ac\11.gif
assets\emot\ac\12.gif
assets\emot\ac\13.gif
assets\emot\ac\14.gif
assets\emot\ac\15.gif
assets\emot\ac\16.gif
assets\emot\ac\17.gif
assets\emot\ac\18.gif
assets\emot\ac\19.gif
assets\emot\ac\2.gif
assets\emot\ac\20.gif
assets\emot\ac\21.gif
assets\emot\ac\22.gif
assets\emot\ac\23.gif
assets\emot\ac\24.gif
assets\emot\ac\25.gif
assets\emot\ac\26.gif
assets\emot\ac\27.gif
assets\emot\ac\28.gif
assets\emot\ac\29.gif
assets\emot\ac\3.gif
assets\emot\ac\30.gif
assets\emot\ac\31.gif
assets\emot\ac\32.gif
assets\emot\ac\33.gif
assets\emot\ac\34.gif
assets\emot\ac\35.gif
assets\emot\ac\36.gif
assets\emot\ac\37.gif
assets\emot\ac\38.gif
assets\emot\ac\39.gif
assets\emot\ac\4.gif
assets\emot\ac\40.gif
assets\emot\ac\41.gif
assets\emot\ac\42.gif
assets\emot\ac\43.gif
assets\emot\ac\44.gif
assets\emot\ac\45.gif
assets\emot\ac\46.gif
assets\emot\ac\47.gif
assets\emot\ac\48.gif
assets\emot\ac\49.gif
assets\emot\ac\5.gif
assets\emot\ac\50.gif
assets\emot\ac\51.gif
assets\emot\ac\52.gif
assets\emot\ac\53.gif
assets\emot\ac\54.gif
assets\emot\ac\55.gif
assets\emot\ac\6.gif
assets\emot\ac\7.gif
assets\emot\ac\8.gif
assets\emot\ac\9.gif
assets\emot\ac2\01.gif
assets\emot\ac2\02.gif
assets\emot\ac2\03.gif
assets\emot\ac2\04.gif
assets\emot\ac2\05.gif
assets\emot\ac2\06.gif
assets\emot\ac2\07.gif
assets\emot\ac2\08.gif
assets\emot\ac2\09.gif
assets\emot\ac2\10.gif
assets\emot\ac2\11.gif
assets\emot\ac2\12.gif
assets\emot\ac2\13.gif
assets\emot\ac2\14.gif
assets\emot\ac2\15.gif
assets\emot\ac2\16.gif
assets\emot\ac2\17.gif
assets\emot\ac2\18.gif
assets\emot\ac2\19.gif
assets\emot\ac2\20.gif
assets\emot\ac2\21.gif
assets\emot\ac2\22.gif
assets\emot\ac2\23.gif
assets\emot\ac2\24.gif
assets\emot\ac2\25.gif
assets\emot\ac2\26.gif
assets\emot\ac2\27.gif
assets\emot\ac2\28.gif
assets\emot\ac2\29.gif
assets\emot\ac2\30.gif
assets\emot\ac2\31.gif
assets\emot\ac2\32.gif
assets\emot\ac2\33.gif
assets\emot\ac2\34.gif
assets\emot\ac2\35.gif
assets\emot\ac2\36.gif
assets\emot\ac2\37.gif
assets\emot\ac2\38.gif
assets\emot\ac2\39.gif
assets\emot\ac2\40.gif
assets\emot\ac2\41.gif
assets\emot\ac2\42.gif
assets\emot\ac2\43.gif
assets\emot\ac2\44.gif
assets\emot\ac2\45.gif
assets\emot\ac2\46.gif
assets\emot\ac2\47.gif
assets\emot\ac2\48.gif
assets\emot\ac2\49.gif
assets\emot\ac2\50.gif
assets\emot\ac2\51.gif
assets\emot\ac2\52.gif
assets\emot\ac2\53.gif
assets\emot\ac2\54.gif
assets\emot\ac2\55.gif
assets\emot\ac3\01.gif
assets\emot\ac3\02.gif
assets\emot\ac3\03.gif
assets\emot\ac3\04.gif
assets\emot\ac3\05.gif
assets\emot\ac3\06.gif
assets\emot\ac3\07.gif
assets\emot\ac3\08.gif
assets\emot\ac3\09.gif
assets\emot\ac3\10.gif
assets\emot\ac3\11.gif
assets\emot\ac3\12.gif
assets\emot\ac3\13.gif
assets\emot\ac3\14.gif
assets\emot\ac3\15.gif
assets\emot\ac3\16.gif
assets\emot\ac3\17.gif
assets\emot\ac3\18.gif
assets\emot\ac3\19.gif
assets\emot\ac3\20.gif
assets\emot\ac3\21.gif
assets\emot\ac3\22.gif
assets\emot\ac3\23.gif
assets\emot\ac3\24.gif
assets\emot\ac3\25.gif
assets\emot\ac3\26.gif
assets\emot\ac3\27.gif
assets\emot\ac3\28.gif
assets\emot\ac3\29.gif
assets\emot\ac3\30.gif
assets\emot\ac3\31.gif
assets\emot\ac3\32.gif
assets\emot\ac3\33.gif
assets\emot\ac3\34.gif
assets\emot\ac3\35.gif
assets\emot\ac3\36.gif
assets\emot\ac3\37.gif
assets\emot\ac3\38.gif
assets\emot\ac3\39.gif
assets\emot\ac3\40.gif
assets\emot\ac3\41.gif
assets\emot\ac3\42.gif
assets\emot\ac3\43.gif
assets\emot\ac3\44.gif
assets\emot\ac3\45.gif
assets\emot\ac3\46.gif
assets\emot\ac3\47.gif
assets\emot\ac3\48.gif
assets\emot\ac3\49.gif
assets\emot\ac3\50.gif
assets\emot\ais\01.gif
assets\emot\ais\02.gif
assets\emot\ais\03.gif
assets\emot\ais\04.gif
assets\emot\ais\05.gif
assets\emot\ais\06.gif
assets\emot\ais\07.gif
assets\emot\ais\08.gif
assets\emot\ais\09.gif
assets\emot\ais\10.gif
assets\emot\ais\11.gif
assets\emot\ais\12.gif
assets\emot\ais\13.gif
assets\emot\ais\14.gif
assets\emot\ais\15.gif
assets\emot\ais\16.gif
assets\emot\ais\17.gif
assets\emot\ais\18.gif
assets\emot\ais\19.gif
assets\emot\ais\20.gif
assets\emot\ais\21.gif
assets\emot\ais\22.gif
assets\emot\ais\23.gif
assets\emot\ais\24.gif
assets\emot\ais\25.gif
assets\emot\ais\26.gif
assets\emot\ais\27.gif
assets\emot\ais\28.gif
assets\emot\ais\29.gif
assets\emot\ais\30.gif
assets\emot\ais\31.gif
assets\emot\ais\32.gif
assets\emot\ais\33.gif
assets\emot\ais\34.gif
assets\emot\ais\35.gif
assets\emot\ais\36.gif
assets\emot\ais\37.gif
assets\emot\ais\38.gif
assets\emot\ais\39.gif
assets\emot\ais\40.gif
assets\emot\big\1.gif
assets\emot\big\10.gif
assets\emot\big\11.gif
assets\emot\big\12.gif
assets\emot\big\13.gif
assets\emot\big\14.gif
assets\emot\big\15.gif
assets\emot\big\16.gif
assets\emot\big\1651.png
assets\emot\big\1652.png
assets\emot\big\1653.png
assets\emot\big\1654.png
assets\emot\big\1655.png
assets\emot\big\1656.png
assets\emot\big\1657.png
assets\emot\big\1658.png
assets\emot\big\1659.png
assets\emot\big\1660.png
assets\emot\big\1661.png
assets\emot\big\1662.png
assets\emot\big\1663.png
assets\emot\big\1664.png
assets\emot\big\1665.png
assets\emot\big\1667.png
assets\emot\big\1668.png
assets\emot\big\1669.png
assets\emot\big\1670.png
assets\emot\big\1671.png
assets\emot\big\1672.png
assets\emot\big\1673.png
assets\emot\big\1674.png
assets\emot\big\1675.png
assets\emot\big\1676.png
assets\emot\big\1677.png
assets\emot\big\1678.png
assets\emot\big\1679.png
assets\emot\big\1680.png
assets\emot\big\1681.png
assets\emot\big\1682.png
assets\emot\big\1683.png
assets\emot\big\1684.png
assets\emot\big\1685.png
assets\emot\big\1686.png
assets\emot\big\1687.png
assets\emot\big\1688.png
assets\emot\big\1689.png
assets\emot\big\1690.png
assets\emot\big\1691.png
assets\emot\big\1692.png
assets\emot\big\1693.png
assets\emot\big\1694.png
assets\emot\big\1695.png
assets\emot\big\1696.png
assets\emot\big\1697.png
assets\emot\big\1698.png
assets\emot\big\1699.png
assets\emot\big\17.gif
assets\emot\big\1700.png
assets\emot\big\1701.png
assets\emot\big\1702.png
assets\emot\big\1703.png
assets\emot\big\1704.png
assets\emot\big\1705.png
assets\emot\big\1706.png
assets\emot\big\1707.png
assets\emot\big\1708.png
assets\emot\big\1709.png
assets\emot\big\1710.png
assets\emot\big\1711.png
assets\emot\big\1712.png
assets\emot\big\1713.png
assets\emot\big\1714.png
assets\emot\big\1715.png
assets\emot\big\1716.png
assets\emot\big\1717.png
assets\emot\big\1718.png
assets\emot\big\1719.png
assets\emot\big\1720.png
assets\emot\big\1721.png
assets\emot\big\1722.png
assets\emot\big\1723.png
assets\emot\big\1724.png
assets\emot\big\1725.png
assets\emot\big\1726.png
assets\emot\big\1727.png
assets\emot\big\1728.png
assets\emot\big\1729.png
assets\emot\big\1730.png
assets\emot\big\1731.png
assets\emot\big\1732.png
assets\emot\big\1733.png
assets\emot\big\1734.png
assets\emot\big\1735.png
assets\emot\big\1736.png
assets\emot\big\1737.png
assets\emot\big\1738.png
assets\emot\big\1739.png
assets\emot\big\1740.png
assets\emot\big\1741.png
assets\emot\big\1742.png
assets\emot\big\1743.png
assets\emot\big\1744.png
assets\emot\big\1745.png
assets\emot\big\1746.png
assets\emot\big\1747.png
assets\emot\big\1748.png
assets\emot\big\1749.png
assets\emot\big\1750.png
assets\emot\big\1751.png
assets\emot\big\1752.png
assets\emot\big\1753.png
assets\emot\big\1754.png
assets\emot\big\1755.png
assets\emot\big\1756.png
assets\emot\big\1757.png
assets\emot\big\1758.png
assets\emot\big\1759.png
assets\emot\big\1760.png
assets\emot\big\1761.png
assets\emot\big\1762.png
assets\emot\big\1763.png
assets\emot\big\1764.png
assets\emot\big\1765.png
assets\emot\big\1766.png
assets\emot\big\1767.png
assets\emot\big\1768.png
assets\emot\big\1769.png
assets\emot\big\1770.png
assets\emot\big\1771.png
assets\emot\big\1772.png
assets\emot\big\1773.png
assets\emot\big\1774.png
assets\emot\big\1775.png
assets\emot\big\1776.png
assets\emot\big\1778.png
assets\emot\big\1779.png
assets\emot\big\1780.png
assets\emot\big\1781.png
assets\emot\big\1782.png
assets\emot\big\1783.png
assets\emot\big\1784.png
assets\emot\big\1785.png
assets\emot\big\1786.png
assets\emot\big\1787.png
assets\emot\big\1788.gif
assets\emot\big\1789.gif
assets\emot\big\1790.gif
assets\emot\big\1791.gif
assets\emot\big\1792.gif
assets\emot\big\1793.gif
assets\emot\big\1794.gif
assets\emot\big\1795.gif
assets\emot\big\1796.gif
assets\emot\big\1797.gif
assets\emot\big\1798.gif
assets\emot\big\1799.gif
assets\emot\big\18.gif
assets\emot\big\1800.gif
assets\emot\big\1801.gif
assets\emot\big\1802.gif
assets\emot\big\1803.gif
assets\emot\big\1804.gif
assets\emot\big\1805.gif
assets\emot\big\1806.gif
assets\emot\big\1807.gif
assets\emot\big\1808.gif
assets\emot\big\1809.gif
assets\emot\big\1810.gif
assets\emot\big\1811.gif
assets\emot\big\1812.gif
assets\emot\big\1813.gif
assets\emot\big\1814.gif
assets\emot\big\1815.gif
assets\emot\big\1816.gif
assets\emot\big\1817.gif
assets\emot\big\1818.gif
assets\emot\big\1819.gif
assets\emot\big\1820.gif
assets\emot\big\1821.gif
assets\emot\big\1822.gif
assets\emot\big\1823.gif
assets\emot\big\1824.gif
assets\emot\big\1825.gif
assets\emot\big\1826.gif
assets\emot\big\1827.gif
assets\emot\big\1828.gif
assets\emot\big\1829.gif
assets\emot\big\1830.gif
assets\emot\big\1831.gif
assets\emot\big\1832.gif
assets\emot\big\1833.gif
assets\emot\big\1834.gif
assets\emot\big\1835.gif
assets\emot\big\1836.gif
assets\emot\big\1837.gif
assets\emot\big\1838.gif
assets\emot\big\1839.gif
assets\emot\big\1840.gif
assets\emot\big\1841.gif
assets\emot\big\1842.gif
assets\emot\big\1843.gif
assets\emot\big\1844.gif
assets\emot\big\1845.gif
assets\emot\big\1846.gif
assets\emot\big\1847.gif
assets\emot\big\1848.gif
assets\emot\big\1849.gif
assets\emot\big\1850.gif
assets\emot\big\1851.gif
assets\emot\big\1852.gif
assets\emot\big\1853.gif
assets\emot\big\1854.png
assets\emot\big\1855.png
assets\emot\big\1856.png
assets\emot\big\1857.png
assets\emot\big\1858.png
assets\emot\big\1859.png
assets\emot\big\1860.png
assets\emot\big\1861.png
assets\emot\big\1862.png
assets\emot\big\1863.png
assets\emot\big\1864.png
assets\emot\big\1865.png
assets\emot\big\1866.png
assets\emot\big\1867.png
assets\emot\big\1868.png
assets\emot\big\1869.png
assets\emot\big\1870.png
assets\emot\big\1871.png
assets\emot\big\1872.png
assets\emot\big\1873.png
assets\emot\big\1874.png
assets\emot\big\1875.png
assets\emot\big\1876.png
assets\emot\big\1877.png
assets\emot\big\1878.png
assets\emot\big\1879.png
assets\emot\big\1880.png
assets\emot\big\1881.png
assets\emot\big\1882.png
assets\emot\big\1883.png
assets\emot\big\1884.png
assets\emot\big\1885.png
assets\emot\big\1886.png
assets\emot\big\1887.png
assets\emot\big\1889.png
assets\emot\big\1890.png
assets\emot\big\1891.png
assets\emot\big\1892.png
assets\emot\big\1893.png
assets\emot\big\1894.png
assets\emot\big\1895.png
assets\emot\big\1896.png
assets\emot\big\1897.png
assets\emot\big\1898.png
assets\emot\big\1899.png
assets\emot\big\19.gif
assets\emot\big\1900.png
assets\emot\big\1901.png
assets\emot\big\1902.png
assets\emot\big\1903.png
assets\emot\big\1904.png
assets\emot\big\1905.png
assets\emot\big\1906.png
assets\emot\big\1907.png
assets\emot\big\1908.gif
assets\emot\big\1908.png
assets\emot\big\1909.gif
assets\emot\big\1910.gif
assets\emot\big\1911.gif
assets\emot\big\1912.gif
assets\emot\big\1913.gif
assets\emot\big\1914.gif
assets\emot\big\1914.png
assets\emot\big\1915.gif
assets\emot\big\1915.png
assets\emot\big\1916.gif
assets\emot\big\1916.png
assets\emot\big\1917.gif
assets\emot\big\1918.gif
assets\emot\big\1919.gif
assets\emot\big\1920.gif
assets\emot\big\1921.gif
assets\emot\big\1922.gif
assets\emot\big\1922.png
assets\emot\big\1923.gif
assets\emot\big\1923.png
assets\emot\big\1924.gif
assets\emot\big\1924.png
assets\emot\big\1925.gif
assets\emot\big\1926.gif
assets\emot\big\1927.gif
assets\emot\big\1928.gif
assets\emot\big\1928.png
assets\emot\big\1929.gif
assets\emot\big\1929.png
assets\emot\big\1930.gif
assets\emot\big\1930.png
assets\emot\big\1931.gif
assets\emot\big\1932.gif
assets\emot\big\1933.gif
assets\emot\big\1934.gif
assets\emot\big\1935.gif
assets\emot\big\1935.png
assets\emot\big\1936.gif
assets\emot\big\1936.png
assets\emot\big\1937.gif
assets\emot\big\1937.png
assets\emot\big\1938.gif
assets\emot\big\1938.png
assets\emot\big\1939.gif
assets\emot\big\1939.png
assets\emot\big\1940.gif
assets\emot\big\1941.gif
assets\emot\big\1941.png
assets\emot\big\1942.gif
assets\emot\big\1943.gif
assets\emot\big\1944.gif
assets\emot\big\1945.gif
assets\emot\big\1945.png
assets\emot\big\1946.gif
assets\emot\big\1946.png
assets\emot\big\1947.gif
assets\emot\big\1947.png
assets\emot\big\1948.gif
assets\emot\big\1948.png
assets\emot\big\1949.gif
assets\emot\big\1949.png
assets\emot\big\1950.gif
assets\emot\big\1950.png
assets\emot\big\1951.gif
assets\emot\big\1951.png
assets\emot\big\1952.png
assets\emot\big\1953.gif
assets\emot\big\1953.png
assets\emot\big\1954.gif
assets\emot\big\1954.png
assets\emot\big\1955.gif
assets\emot\big\1955.png
assets\emot\big\1956.gif
assets\emot\big\1956.png
assets\emot\big\1957.png
assets\emot\big\1958.gif
assets\emot\big\1958.png
assets\emot\big\1959.gif
assets\emot\big\1959.png
assets\emot\big\1960.png
assets\emot\big\1961.png
assets\emot\big\1962.png
assets\emot\big\1963.png
assets\emot\big\1964.png
assets\emot\big\1965.png
assets\emot\big\1966.png
assets\emot\big\1967.png
assets\emot\big\1968.png
assets\emot\big\1969.png
assets\emot\big\1970.png
assets\emot\big\1971.png
assets\emot\big\1972.png
assets\emot\big\1973.png
assets\emot\big\1974.png
assets\emot\big\1975.png
assets\emot\big\1976.png
assets\emot\big\1977.png
assets\emot\big\1978.png
assets\emot\big\1979.png
assets\emot\big\1980.png
assets\emot\big\1981.png
assets\emot\big\1982.png
assets\emot\big\1983.png
assets\emot\big\1984.png
assets\emot\big\1985.png
assets\emot\big\1986.png
assets\emot\big\1987.png
assets\emot\big\1988.png
assets\emot\big\1989.png
assets\emot\big\1990.png
assets\emot\big\1991.png
assets\emot\big\1992.png
assets\emot\big\1993.png
assets\emot\big\1994.png
assets\emot\big\1995.png
assets\emot\big\1996.png
assets\emot\big\1997.png
assets\emot\big\1998.png
assets\emot\big\2.gif
assets\emot\big\20.gif
assets\emot\big\2001.png
assets\emot\big\2002.png
assets\emot\big\2003.png
assets\emot\big\2004.png
assets\emot\big\2005.png
assets\emot\big\2006.png
assets\emot\big\2007.png
assets\emot\big\2008.png
assets\emot\big\2009.png
assets\emot\big\2010.png
assets\emot\big\2011.png
assets\emot\big\2012.png
assets\emot\big\2013.png
assets\emot\big\2014.png
assets\emot\big\2015.png
assets\emot\big\2016.png
assets\emot\big\2017.png
assets\emot\big\2018.png
assets\emot\big\2019.png
assets\emot\big\2020.png
assets\emot\big\2021.png
assets\emot\big\2022.png
assets\emot\big\2023.png
assets\emot\big\2024.png
assets\emot\big\2025.png
assets\emot\big\2026.png
assets\emot\big\2027.png
assets\emot\big\2028.png
assets\emot\big\2029.png
assets\emot\big\2030.png
assets\emot\big\2031.png
assets\emot\big\2032.png
assets\emot\big\2033.png
assets\emot\big\2034.png
assets\emot\big\2035.png
assets\emot\big\2036.png
assets\emot\big\2037.png
assets\emot\big\2038.png
assets\emot\big\2039.png
assets\emot\big\2040.png
assets\emot\big\2041.png
assets\emot\big\2042.png
assets\emot\big\2043.png
assets\emot\big\2044.png
assets\emot\big\2045.png
assets\emot\big\2046.png
assets\emot\big\2047.png
assets\emot\big\2048.png
assets\emot\big\2049.png
assets\emot\big\2050.png
assets\emot\big\2051.png
assets\emot\big\2052.png
assets\emot\big\2053.png
assets\emot\big\2054.png
assets\emot\big\2055.png
assets\emot\big\2056.png
assets\emot\big\2057.png
assets\emot\big\2058.png
assets\emot\big\2059.png
assets\emot\big\2060.png
assets\emot\big\2061.png
assets\emot\big\2062.png
assets\emot\big\2063.png
assets\emot\big\2064.png
assets\emot\big\2065.png
assets\emot\big\2066.png
assets\emot\big\2067.png
assets\emot\big\2068.png
assets\emot\big\2069.png
assets\emot\big\2070.png
assets\emot\big\2071.png
assets\emot\big\2072.png
assets\emot\big\2073.png
assets\emot\big\2074.png
assets\emot\big\2075.png
assets\emot\big\2076.png
assets\emot\big\2077.png
assets\emot\big\2078.png
assets\emot\big\2079.png
assets\emot\big\2080.png
assets\emot\big\2081.png
assets\emot\big\2082.png
assets\emot\big\2083.png
assets\emot\big\2084.png
assets\emot\big\2085.png
assets\emot\big\2086.png
assets\emot\big\2087.png
assets\emot\big\2088.png
assets\emot\big\2089.png
assets\emot\big\2090.png
assets\emot\big\2091.png
assets\emot\big\2092.png
assets\emot\big\2093.png
assets\emot\big\2094.png
assets\emot\big\2095.png
assets\emot\big\2096.png
assets\emot\big\2097.png
assets\emot\big\2098.png
assets\emot\big\2099.png
assets\emot\big\21.gif
assets\emot\big\2100.png
assets\emot\big\2101.png
assets\emot\big\2102.png
assets\emot\big\2103.png
assets\emot\big\2104.png
assets\emot\big\2105.png
assets\emot\big\2106.png
assets\emot\big\2107.png
assets\emot\big\2108.png
assets\emot\big\2109.png
assets\emot\big\2110.png
assets\emot\big\2112.png
assets\emot\big\2113.png
assets\emot\big\2114.png
assets\emot\big\2115.png
assets\emot\big\2116.png
assets\emot\big\2117.png
assets\emot\big\2118.png
assets\emot\big\2119.png
assets\emot\big\2120.png
assets\emot\big\2121.png
assets\emot\big\2122.png
assets\emot\big\2123.png
assets\emot\big\2124.png
assets\emot\big\2125.png
assets\emot\big\2126.png
assets\emot\big\2127.png
assets\emot\big\2128.png
assets\emot\big\2129.png
assets\emot\big\2130.png
assets\emot\big\2131.png
assets\emot\big\2132.png
assets\emot\big\2133.png
assets\emot\big\2134.png
assets\emot\big\2135.png
assets\emot\big\2136.png
assets\emot\big\2137.png
assets\emot\big\2138.png
assets\emot\big\2139.png
assets\emot\big\2140.png
assets\emot\big\2141.png
assets\emot\big\2142.png
assets\emot\big\2143.png
assets\emot\big\2144.png
assets\emot\big\2145.png
assets\emot\big\2146.png
assets\emot\big\2147.png
assets\emot\big\2148.png
assets\emot\big\2149.png
assets\emot\big\2150.png
assets\emot\big\2151.png
assets\emot\big\2152.png
assets\emot\big\2153.png
assets\emot\big\2154.png
assets\emot\big\2155.png
assets\emot\big\2156.png
assets\emot\big\2157.png
assets\emot\big\2158.png
assets\emot\big\2159.png
assets\emot\big\2160.png
assets\emot\big\2161.png
assets\emot\big\2162.png
assets\emot\big\2163.png
assets\emot\big\2164.png
assets\emot\big\2165.png
assets\emot\big\2166.png
assets\emot\big\2167.png
assets\emot\big\2168.png
assets\emot\big\2169.png
assets\emot\big\2170.png
assets\emot\big\2171.png
assets\emot\big\2172.png
assets\emot\big\2173.png
assets\emot\big\2174.png
assets\emot\big\2175.png
assets\emot\big\2176.png
assets\emot\big\2177.png
assets\emot\big\2178.png
assets\emot\big\2179.png
assets\emot\big\2180.png
assets\emot\big\2181.png
assets\emot\big\2182.png
assets\emot\big\2183.png
assets\emot\big\2184.png
assets\emot\big\2185.png
assets\emot\big\2186.png
assets\emot\big\2187.png
assets\emot\big\2188.png
assets\emot\big\2189.png
assets\emot\big\2190.png
assets\emot\big\2191.png
assets\emot\big\2192.png
assets\emot\big\2193.png
assets\emot\big\2194.png
assets\emot\big\2195.png
assets\emot\big\2196.png
assets\emot\big\2197.png
assets\emot\big\2198.png
assets\emot\big\2199.png
assets\emot\big\22.gif
assets\emot\big\2200.png
assets\emot\big\2201.png
assets\emot\big\2202.png
assets\emot\big\2203.png
assets\emot\big\2204.png
assets\emot\big\2205.png
assets\emot\big\2206.png
assets\emot\big\2207.png
assets\emot\big\2208.png
assets\emot\big\2209.png
assets\emot\big\2210.png
assets\emot\big\2211.png
assets\emot\big\2212.png
assets\emot\big\2213.png
assets\emot\big\2214.png
assets\emot\big\2215.png
assets\emot\big\2216.png
assets\emot\big\2217.png
assets\emot\big\2218.png
assets\emot\big\2219.png
assets\emot\big\2220.png
assets\emot\big\2221.png
assets\emot\big\2223.png
assets\emot\big\2224.png
assets\emot\big\2225.png
assets\emot\big\2226.png
assets\emot\big\2227.png
assets\emot\big\2228.png
assets\emot\big\2229.png
assets\emot\big\2230.png
assets\emot\big\2231.png
assets\emot\big\2232.png
assets\emot\big\2233.png
assets\emot\big\2234.png
assets\emot\big\2235.png
assets\emot\big\2236.png
assets\emot\big\2237.png
assets\emot\big\2238.png
assets\emot\big\2239.png
assets\emot\big\2240.gif
assets\emot\big\2241.gif
assets\emot\big\2242.gif
assets\emot\big\2243.png
assets\emot\big\2244.png
assets\emot\big\2245.png
assets\emot\big\2246.png
assets\emot\big\2247.png
assets\emot\big\2248.png
assets\emot\big\2249.png
assets\emot\big\2250.png
assets\emot\big\2251.png
assets\emot\big\2252.png
assets\emot\big\2253.png
assets\emot\big\2254.png
assets\emot\big\2255.png
assets\emot\big\2256.png
assets\emot\big\2257.png
assets\emot\big\2258.png
assets\emot\big\2259.png
assets\emot\big\2260.png
assets\emot\big\2261.png
assets\emot\big\2262.png
assets\emot\big\2263.png
assets\emot\big\2264.png
assets\emot\big\2265.png
assets\emot\big\2266.png
assets\emot\big\2267.png
assets\emot\big\2268.png
assets\emot\big\2269.png
assets\emot\big\2270.png
assets\emot\big\2271.png
assets\emot\big\2272.png
assets\emot\big\2273.png
assets\emot\big\2274.png
assets\emot\big\2275.png
assets\emot\big\2276.png
assets\emot\big\2277.png
assets\emot\big\2278.png
assets\emot\big\2279.png
assets\emot\big\2280.png
assets\emot\big\2281.png
assets\emot\big\2282.png
assets\emot\big\2283.png
assets\emot\big\2284.png
assets\emot\big\2285.png
assets\emot\big\2286.png
assets\emot\big\2287.png
assets\emot\big\2288.png
assets\emot\big\2289.png
assets\emot\big\2290.png
assets\emot\big\2291.png
assets\emot\big\2292.png
assets\emot\big\2293.png
assets\emot\big\2294.png
assets\emot\big\2295.png
assets\emot\big\2296.png
assets\emot\big\2297.png
assets\emot\big\2298.png
assets\emot\big\2299.png
assets\emot\big\23.gif
assets\emot\big\2300.png
assets\emot\big\2301.png
assets\emot\big\2302.png
assets\emot\big\2303.png
assets\emot\big\2304.png
assets\emot\big\2305.png
assets\emot\big\2306.png
assets\emot\big\2307.png
assets\emot\big\2308.png
assets\emot\big\2309.png
assets\emot\big\2310.png
assets\emot\big\2311.png
assets\emot\big\2312.png
assets\emot\big\2313.png
assets\emot\big\2314.png
assets\emot\big\2315.png
assets\emot\big\2316.png
assets\emot\big\2317.png
assets\emot\big\2318.png
assets\emot\big\2319.png
assets\emot\big\2320.png
assets\emot\big\2321.png
assets\emot\big\2322.png
assets\emot\big\2323.gif
assets\emot\big\2324.gif
assets\emot\big\2325.gif
assets\emot\big\2326.gif
assets\emot\big\2327.gif
assets\emot\big\2328.gif
assets\emot\big\2329.gif
assets\emot\big\2330.gif
assets\emot\big\2331.gif
assets\emot\big\2332.gif
assets\emot\big\2334.gif
assets\emot\big\2335.gif
assets\emot\big\2336.gif
assets\emot\big\2337.gif
assets\emot\big\2338.gif
assets\emot\big\2339.gif
assets\emot\big\2340.gif
assets\emot\big\2341.gif
assets\emot\big\2342.gif
assets\emot\big\2343.gif
assets\emot\big\2344.gif
assets\emot\big\2345.gif
assets\emot\big\2346.gif
assets\emot\big\2347.gif
assets\emot\big\2348.gif
assets\emot\big\2349.gif
assets\emot\big\2350.gif
assets\emot\big\2351.gif
assets\emot\big\2352.gif
assets\emot\big\2353.gif
assets\emot\big\2354.gif
assets\emot\big\2355.gif
assets\emot\big\2356.gif
assets\emot\big\2357.gif
assets\emot\big\2358.gif
assets\emot\big\2358.png
assets\emot\big\2359.gif
assets\emot\big\2360.gif
assets\emot\big\2361.gif
assets\emot\big\2362.gif
assets\emot\big\2363.gif
assets\emot\big\2363.png
assets\emot\big\2364.gif
assets\emot\big\2365.gif
assets\emot\big\2366.gif
assets\emot\big\2367.gif
assets\emot\big\2368.gif
assets\emot\big\2369.gif
assets\emot\big\2370.gif
assets\emot\big\2371.gif
assets\emot\big\2372.gif
assets\emot\big\2373.gif
assets\emot\big\2374.gif
assets\emot\big\2375.gif
assets\emot\big\2376.gif
assets\emot\big\2377.gif
assets\emot\big\2378.png
assets\emot\big\2379.png
assets\emot\big\2380.png
assets\emot\big\2381.png
assets\emot\big\2382.png
assets\emot\big\2383.png
assets\emot\big\2384.gif
assets\emot\big\2384.png
assets\emot\big\2385.gif
assets\emot\big\2385.png
assets\emot\big\2386.gif
assets\emot\big\2386.png
assets\emot\big\2387.png
assets\emot\big\2388.png
assets\emot\big\2389.gif
assets\emot\big\2389.png
assets\emot\big\2390.gif
assets\emot\big\2391.png
assets\emot\big\2392.png
assets\emot\big\2393.gif
assets\emot\big\2393.png
assets\emot\big\2394.png
assets\emot\big\2395.png
assets\emot\big\2396.gif
assets\emot\big\2396.png
assets\emot\big\2397.png
assets\emot\big\2398.png
assets\emot\big\2399.gif
assets\emot\big\2399.png
assets\emot\big\24.gif
assets\emot\big\2400.png
assets\emot\big\2401.png
assets\emot\big\2402.gif
assets\emot\big\2402.png
assets\emot\big\2403.png
assets\emot\big\2404.png
assets\emot\big\2405.png
assets\emot\big\2406.png
assets\emot\big\2407.png
assets\emot\big\2408.gif
assets\emot\big\2408.png
assets\emot\big\2409.png
assets\emot\big\2410.gif
assets\emot\big\2410.png
assets\emot\big\2411.png
assets\emot\big\2412.png
assets\emot\big\2415.png
assets\emot\big\2416.png
assets\emot\big\2417.png
assets\emot\big\2418.png
assets\emot\big\2419.png
assets\emot\big\2420.png
assets\emot\big\2421.png
assets\emot\big\2422.png
assets\emot\big\2423.png
assets\emot\big\2424.png
assets\emot\big\2425.png
assets\emot\big\2426.png
assets\emot\big\2427.png
assets\emot\big\2428.png
assets\emot\big\2429.png
assets\emot\big\2430.png
assets\emot\big\2431.png
assets\emot\big\2432.png
assets\emot\big\2433.png
assets\emot\big\2434.png
assets\emot\big\2435.png
assets\emot\big\2436.png
assets\emot\big\2437.png
assets\emot\big\2438.png
assets\emot\big\2439.png
assets\emot\big\2440.png
assets\emot\big\2441.png
assets\emot\big\2442.png
assets\emot\big\2443.png
assets\emot\big\2445.png
assets\emot\big\25.gif
assets\emot\big\26.gif
assets\emot\big\27.gif
assets\emot\big\28.gif
assets\emot\big\29.gif
assets\emot\big\3.gif
assets\emot\big\30.gif
assets\emot\big\31.gif
assets\emot\big\32.gif
assets\emot\big\33.gif
assets\emot\big\34.gif
assets\emot\big\35.gif
assets\emot\big\36.gif
assets\emot\big\37.gif
assets\emot\big\38.gif
assets\emot\big\39.gif
assets\emot\big\4.gif
assets\emot\big\40.gif
assets\emot\big\41.gif
assets\emot\big\42.gif
assets\emot\big\43.gif
assets\emot\big\44.gif
assets\emot\big\45.gif
assets\emot\big\46.gif
assets\emot\big\47.gif
assets\emot\big\48.gif
assets\emot\big\49.gif
assets\emot\big\5.gif
assets\emot\big\50.gif
assets\emot\big\51.gif
assets\emot\big\52.gif
assets\emot\big\53.gif
assets\emot\big\54.gif
assets\emot\big\55.gif
assets\emot\big\6.gif
assets\emot\big\7.gif
assets\emot\big\8.gif
assets\emot\big\9.gif
assets\emot\blizzard\01.gif
assets\emot\blizzard\02.gif
assets\emot\blizzard\03.gif
assets\emot\blizzard\04.gif
assets\emot\blizzard\05.gif
assets\emot\blizzard\06.gif
assets\emot\blizzard\07.gif
assets\emot\blizzard\08.gif
assets\emot\blizzard\09.gif
assets\emot\blizzard\10.gif
assets\emot\blizzard\11.gif
assets\emot\blizzard\12.gif
assets\emot\blizzard\13.gif
assets\emot\blizzard\14.gif
assets\emot\blizzard\15.gif
assets\emot\blizzard\16.gif
assets\emot\blizzard\17.gif
assets\emot\blizzard\18.gif
assets\emot\blizzard\19.gif
assets\emot\blizzard\20.gif
assets\emot\blizzard\21.gif
assets\emot\brd\01.gif
assets\emot\brd\02.gif
assets\emot\brd\03.gif
assets\emot\brd\04.gif
assets\emot\brd\05.gif
assets\emot\brd\06.gif
assets\emot\brd\07.gif
assets\emot\brd\09.gif
assets\emot\brd\10.gif
assets\emot\brd\11.gif
assets\emot\brd\12.gif
assets\emot\brd\13.gif
assets\emot\brd\14.gif
assets\emot\brd\15.gif
assets\emot\brd\16.gif
assets\emot\brd\17.gif
assets\emot\brd\18.gif
assets\emot\brd\19.gif
assets\emot\brd\20.gif
assets\emot\brd\21.gif
assets\emot\brd\22.gif
assets\emot\brd\23.gif
assets\emot\brd\24.gif
assets\emot\brd\26.gif
assets\emot\brd\27.gif
assets\emot\brd\28.gif
assets\emot\brd\29.gif
assets\emot\brd\30.gif
assets\emot\brd\31.gif
assets\emot\brd\32.gif
assets\emot\brd\33.gif
assets\emot\brd\34.gif
assets\emot\brd\35.gif
assets\emot\brd\36.gif
assets\emot\brd\37.gif
assets\emot\brd\38.gif
assets\emot\brd\39.gif
assets\emot\brd\40.gif
assets\emot\default\01.gif
assets\emot\default\02.gif
assets\emot\default\03.gif
assets\emot\default\04.gif
assets\emot\default\05.gif
assets\emot\default\06.gif
assets\emot\default\07.gif
assets\emot\default\08.gif
assets\emot\default\09.gif
assets\emot\default\1.gif
assets\emot\default\10.gif
assets\emot\default\11.gif
assets\emot\default\12.gif
assets\emot\default\13.gif
assets\emot\default\14.gif
assets\emot\default\15.gif
assets\emot\default\16.gif
assets\emot\default\17.gif
assets\emot\default\18.gif
assets\emot\default\19.gif
assets\emot\default\2.gif
assets\emot\default\20.gif
assets\emot\default\21.gif
assets\emot\default\22.gif
assets\emot\default\23.gif
assets\emot\default\24.gif
assets\emot\default\25.gif
assets\emot\default\26.gif
assets\emot\default\27.gif
assets\emot\default\28.gif
assets\emot\default\29.gif
assets\emot\default\3.gif
assets\emot\default\30.gif
assets\emot\default\31.gif
assets\emot\default\32.gif
assets\emot\default\33.gif
assets\emot\default\34.gif
assets\emot\default\35.gif
assets\emot\default\36.gif
assets\emot\default\37.gif
assets\emot\default\38.gif
assets\emot\default\39.gif
assets\emot\default\4.gif
assets\emot\default\40.gif
assets\emot\default\41.gif
assets\emot\default\42.gif
assets\emot\default\43.gif
assets\emot\default\44.gif
assets\emot\default\45.gif
assets\emot\default\46.gif
assets\emot\default\47.gif
assets\emot\default\48.gif
assets\emot\default\49.gif
assets\emot\default\5.gif
assets\emot\default\50.gif
assets\emot\default\6.gif
assets\emot\default\7.gif
assets\emot\default\8.gif
assets\emot\default\9.gif
assets\emot\dog\01.gif
assets\emot\dog\02.gif
assets\emot\dog\03.gif
assets\emot\dog\04.gif
assets\emot\dog\05.gif
assets\emot\dog\06.gif
assets\emot\dog\07.gif
assets\emot\dog\08.gif
assets\emot\dog\09.gif
assets\emot\dog\10.gif
assets\emot\dog\11.gif
assets\emot\dog\12.gif
assets\emot\dog\13.gif
assets\emot\dog\14.gif
assets\emot\dog\15.gif
assets\emot\dog\16.gif
assets\emot\small\1651.png
assets\emot\small\1652.png
assets\emot\small\1653.png
assets\emot\small\1654.png
assets\emot\small\1655.png
assets\emot\small\1656.png
assets\emot\small\1657.png
assets\emot\small\1658.png
assets\emot\small\1659.png
assets\emot\small\1660.png
assets\emot\small\1661.png
assets\emot\small\1662.png
assets\emot\small\1663.png
assets\emot\small\1664.png
assets\emot\small\1665.png
assets\emot\small\1667.png
assets\emot\small\1668.png
assets\emot\small\1669.png
assets\emot\small\1670.png
assets\emot\small\1671.png
assets\emot\small\1672.png
assets\emot\small\1673.png
assets\emot\small\1674.png
assets\emot\small\1675.png
assets\emot\small\1676.png
assets\emot\small\1677.png
assets\emot\small\1678.png
assets\emot\small\1679.png
assets\emot\small\1680.png
assets\emot\small\1681.png
assets\emot\small\1682.png
assets\emot\small\1683.png
assets\emot\small\1684.png
assets\emot\small\1685.png
assets\emot\small\1686.png
assets\emot\small\1687.png
assets\emot\small\1688.png
assets\emot\small\1689.png
assets\emot\small\1690.png
assets\emot\small\1691.png
assets\emot\small\1692.png
assets\emot\small\1693.png
assets\emot\small\1694.png
assets\emot\small\1695.png
assets\emot\small\1696.png
assets\emot\small\1697.png
assets\emot\small\1698.png
assets\emot\small\1699.png
assets\emot\small\1700.png
assets\emot\small\1701.png
assets\emot\small\1702.png
assets\emot\small\1703.png
assets\emot\small\1704.png
assets\emot\small\1705.png
assets\emot\small\1706.png
assets\emot\small\1707.png
assets\emot\small\1708.png
assets\emot\small\1709.png
assets\emot\small\1710.png
assets\emot\small\1711.png
assets\emot\small\1712.png
assets\emot\small\1713.png
assets\emot\small\1714.png
assets\emot\small\1715.png
assets\emot\small\1716.png
assets\emot\small\1717.png
assets\emot\small\1718.png
assets\emot\small\1719.png
assets\emot\small\1720.png
assets\emot\small\1721.png
assets\emot\small\1722.png
assets\emot\small\1723.png
assets\emot\small\1724.png
assets\emot\small\1725.png
assets\emot\small\1726.png
assets\emot\small\1727.png
assets\emot\small\1728.png
assets\emot\small\1729.png
assets\emot\small\1730.png
assets\emot\small\1731.png
assets\emot\small\1732.png
assets\emot\small\1733.png
assets\emot\small\1734.png
assets\emot\small\1735.png
assets\emot\small\1736.png
assets\emot\small\1737.png
assets\emot\small\1738.png
assets\emot\small\1739.png
assets\emot\small\1740.png
assets\emot\small\1741.png
assets\emot\small\1742.png
assets\emot\small\1743.png
assets\emot\small\1744.png
assets\emot\small\1745.png
assets\emot\small\1746.png
assets\emot\small\1747.png
assets\emot\small\1748.png
assets\emot\small\1749.png
assets\emot\small\1750.png
assets\emot\small\1751.png
assets\emot\small\1752.png
assets\emot\small\1753.png
assets\emot\small\1754.png
assets\emot\small\1755.png
assets\emot\small\1756.png
assets\emot\small\1757.png
assets\emot\small\1758.png
assets\emot\small\1759.png
assets\emot\small\1760.png
assets\emot\small\1761.png
assets\emot\small\1762.png
assets\emot\small\1763.png
assets\emot\small\1764.png
assets\emot\small\1765.png
assets\emot\small\1766.png
assets\emot\small\1767.png
assets\emot\small\1768.png
assets\emot\small\1769.png
assets\emot\small\1770.png
assets\emot\small\1771.png
assets\emot\small\1772.png
assets\emot\small\1773.png
assets\emot\small\1774.png
assets\emot\small\1775.png
assets\emot\small\1776.png
assets\emot\small\1778.png
assets\emot\small\1779.png
assets\emot\small\1780.png
assets\emot\small\1781.png
assets\emot\small\1782.png
assets\emot\small\1783.png
assets\emot\small\1784.png
assets\emot\small\1785.png
assets\emot\small\1786.png
assets\emot\small\1787.png
assets\emot\small\1788.gif
assets\emot\small\1789.gif
assets\emot\small\1790.gif
assets\emot\small\1791.gif
assets\emot\small\1792.gif
assets\emot\small\1793.gif
assets\emot\small\1794.gif
assets\emot\small\1795.gif
assets\emot\small\1796.gif
assets\emot\small\1797.gif
assets\emot\small\1798.gif
assets\emot\small\1799.gif
assets\emot\small\1800.gif
assets\emot\small\1801.gif
assets\emot\small\1802.gif
assets\emot\small\1803.gif
assets\emot\small\1804.gif
assets\emot\small\1805.gif
assets\emot\small\1806.gif
assets\emot\small\1807.gif
assets\emot\small\1808.gif
assets\emot\small\1809.gif
assets\emot\small\1810.gif
assets\emot\small\1811.gif
assets\emot\small\1812.gif
assets\emot\small\1813.gif
assets\emot\small\1814.gif
assets\emot\small\1815.gif
assets\emot\small\1816.gif
assets\emot\small\1817.gif
assets\emot\small\1818.gif
assets\emot\small\1819.gif
assets\emot\small\1820.gif
assets\emot\small\1821.gif
assets\emot\small\1822.gif
assets\emot\small\1823.gif
assets\emot\small\1824.gif
assets\emot\small\1825.gif
assets\emot\small\1826.gif
assets\emot\small\1827.gif
assets\emot\small\1828.gif
assets\emot\small\1829.gif
assets\emot\small\1830.gif
assets\emot\small\1831.gif
assets\emot\small\1832.gif
assets\emot\small\1833.gif
assets\emot\small\1834.gif
assets\emot\small\1835.gif
assets\emot\small\1836.gif
assets\emot\small\1837.gif
assets\emot\small\1838.gif
assets\emot\small\1839.gif
assets\emot\small\1840.gif
assets\emot\small\1841.gif
assets\emot\small\1842.gif
assets\emot\small\1843.gif
assets\emot\small\1844.gif
assets\emot\small\1845.gif
assets\emot\small\1846.gif
assets\emot\small\1847.gif
assets\emot\small\1848.gif
assets\emot\small\1849.gif
assets\emot\small\1850.gif
assets\emot\small\1851.gif
assets\emot\small\1852.gif
assets\emot\small\1853.gif
assets\emot\small\1854.png
assets\emot\small\1855.png
assets\emot\small\1856.png
assets\emot\small\1857.png
assets\emot\small\1858.png
assets\emot\small\1859.png
assets\emot\small\1860.png
assets\emot\small\1861.png
assets\emot\small\1862.png
assets\emot\small\1863.png
assets\emot\small\1864.png
assets\emot\small\1865.png
assets\emot\small\1866.png
assets\emot\small\1867.png
assets\emot\small\1868.png
assets\emot\small\1869.png
assets\emot\small\1870.png
assets\emot\small\1871.png
assets\emot\small\1872.png
assets\emot\small\1873.png
assets\emot\small\1874.png
assets\emot\small\1875.png
assets\emot\small\1876.png
assets\emot\small\1877.png
assets\emot\small\1878.png
assets\emot\small\1879.png
assets\emot\small\1880.png
assets\emot\small\1881.png
assets\emot\small\1882.png
assets\emot\small\1883.png
assets\emot\small\1884.png
assets\emot\small\1885.png
assets\emot\small\1886.png
assets\emot\small\1887.png
assets\emot\small\1889.png
assets\emot\small\1890.png
assets\emot\small\1891.png
assets\emot\small\1892.png
assets\emot\small\1893.png
assets\emot\small\1894.png
assets\emot\small\1895.png
assets\emot\small\1896.png
assets\emot\small\1897.png
assets\emot\small\1898.png
assets\emot\small\1899.png
assets\emot\small\1900.png
assets\emot\small\1901.png
assets\emot\small\1902.png
assets\emot\small\1903.png
assets\emot\small\1904.png
assets\emot\small\1905.png
assets\emot\small\1906.png
assets\emot\small\1907.png
assets\emot\small\1908.gif
assets\emot\small\1908.png
assets\emot\small\1909.gif
assets\emot\small\1910.gif
assets\emot\small\1911.gif
assets\emot\small\1912.gif
assets\emot\small\1913.gif
assets\emot\small\1914.gif
assets\emot\small\1914.png
assets\emot\small\1915.gif
assets\emot\small\1915.png
assets\emot\small\1916.gif
assets\emot\small\1916.png
assets\emot\small\1917.gif
assets\emot\small\1918.gif
assets\emot\small\1919.gif
assets\emot\small\1920.gif
assets\emot\small\1921.gif
assets\emot\small\1922.gif
assets\emot\small\1922.png
assets\emot\small\1923.gif
assets\emot\small\1923.png
assets\emot\small\1924.gif
assets\emot\small\1924.png
assets\emot\small\1925.gif
assets\emot\small\1926.gif
assets\emot\small\1927.gif
assets\emot\small\1928.gif
assets\emot\small\1928.png
assets\emot\small\1929.gif
assets\emot\small\1929.png
assets\emot\small\1930.gif
assets\emot\small\1930.png
assets\emot\small\1931.gif
assets\emot\small\1932.gif
assets\emot\small\1933.gif
assets\emot\small\1934.gif
assets\emot\small\1935.gif
assets\emot\small\1935.png
assets\emot\small\1936.gif
assets\emot\small\1936.png
assets\emot\small\1937.gif
assets\emot\small\1937.png
assets\emot\small\1938.gif
assets\emot\small\1938.png
assets\emot\small\1939.gif
assets\emot\small\1939.png
assets\emot\small\1940.gif
assets\emot\small\1941.gif
assets\emot\small\1941.png
assets\emot\small\1942.gif
assets\emot\small\1943.gif
assets\emot\small\1944.gif
assets\emot\small\1945.gif
assets\emot\small\1945.png
assets\emot\small\1946.gif
assets\emot\small\1946.png
assets\emot\small\1947.gif
assets\emot\small\1947.png
assets\emot\small\1948.gif
assets\emot\small\1948.png
assets\emot\small\1949.gif
assets\emot\small\1949.png
assets\emot\small\1950.gif
assets\emot\small\1950.png
assets\emot\small\1951.gif
assets\emot\small\1951.png
assets\emot\small\1952.png
assets\emot\small\1953.gif
assets\emot\small\1953.png
assets\emot\small\1954.gif
assets\emot\small\1954.png
assets\emot\small\1955.gif
assets\emot\small\1955.png
assets\emot\small\1956.gif
assets\emot\small\1956.png
assets\emot\small\1957.png
assets\emot\small\1958.gif
assets\emot\small\1958.png
assets\emot\small\1959.gif
assets\emot\small\1959.png
assets\emot\small\1960.png
assets\emot\small\1961.png
assets\emot\small\1962.png
assets\emot\small\1963.png
assets\emot\small\1964.png
assets\emot\small\1965.png
assets\emot\small\1966.png
assets\emot\small\1967.png
assets\emot\small\1968.png
assets\emot\small\1969.png
assets\emot\small\1970.png
assets\emot\small\1971.png
assets\emot\small\1972.png
assets\emot\small\1973.png
assets\emot\small\1974.png
assets\emot\small\1975.png
assets\emot\small\1976.png
assets\emot\small\1977.png
assets\emot\small\1978.png
assets\emot\small\1979.png
assets\emot\small\1980.png
assets\emot\small\1981.png
assets\emot\small\1982.png
assets\emot\small\1983.png
assets\emot\small\1984.png
assets\emot\small\1985.png
assets\emot\small\1986.png
assets\emot\small\1987.png
assets\emot\small\1988.png
assets\emot\small\1989.png
assets\emot\small\1990.png
assets\emot\small\1991.png
assets\emot\small\1992.png
assets\emot\small\1993.png
assets\emot\small\1994.png
assets\emot\small\1995.png
assets\emot\small\1996.png
assets\emot\small\1997.png
assets\emot\small\1998.png
assets\emot\small\2001.png
assets\emot\small\2002.png
assets\emot\small\2003.png
assets\emot\small\2004.png
assets\emot\small\2005.png
assets\emot\small\2006.png
assets\emot\small\2007.png
assets\emot\small\2008.png
assets\emot\small\2009.png
assets\emot\small\2010.png
assets\emot\small\2011.png
assets\emot\small\2012.png
assets\emot\small\2013.png
assets\emot\small\2014.png
assets\emot\small\2015.png
assets\emot\small\2016.png
assets\emot\small\2017.png
assets\emot\small\2018.png
assets\emot\small\2019.png
assets\emot\small\2020.png
assets\emot\small\2021.png
assets\emot\small\2022.png
assets\emot\small\2023.png
assets\emot\small\2024.png
assets\emot\small\2025.png
assets\emot\small\2026.png
assets\emot\small\2027.png
assets\emot\small\2028.png
assets\emot\small\2029.png
assets\emot\small\2030.png
assets\emot\small\2031.png
assets\emot\small\2032.png
assets\emot\small\2033.png
assets\emot\small\2034.png
assets\emot\small\2035.png
assets\emot\small\2036.png
assets\emot\small\2037.png
assets\emot\small\2038.png
assets\emot\small\2039.png
assets\emot\small\2040.png
assets\emot\small\2041.png
assets\emot\small\2042.png
assets\emot\small\2043.png
assets\emot\small\2044.png
assets\emot\small\2045.png
assets\emot\small\2046.png
assets\emot\small\2047.png
assets\emot\small\2048.png
assets\emot\small\2049.png
assets\emot\small\2050.png
assets\emot\small\2051.png
assets\emot\small\2052.png
assets\emot\small\2053.png
assets\emot\small\2054.png
assets\emot\small\2055.png
assets\emot\small\2056.png
assets\emot\small\2057.png
assets\emot\small\2058.png
assets\emot\small\2059.png
assets\emot\small\2060.png
assets\emot\small\2061.png
assets\emot\small\2062.png
assets\emot\small\2063.png
assets\emot\small\2064.png
assets\emot\small\2065.png
assets\emot\small\2066.png
assets\emot\small\2067.png
assets\emot\small\2068.png
assets\emot\small\2069.png
assets\emot\small\2070.png
assets\emot\small\2071.png
assets\emot\small\2072.png
assets\emot\small\2073.png
assets\emot\small\2074.png
assets\emot\small\2075.png
assets\emot\small\2076.png
assets\emot\small\2077.png
assets\emot\small\2078.png
assets\emot\small\2079.png
assets\emot\small\2080.png
assets\emot\small\2081.png
assets\emot\small\2082.png
assets\emot\small\2083.png
assets\emot\small\2084.png
assets\emot\small\2085.png
assets\emot\small\2086.png
assets\emot\small\2087.png
assets\emot\small\2088.png
assets\emot\small\2089.png
assets\emot\small\2090.png
assets\emot\small\2091.png
assets\emot\small\2092.png
assets\emot\small\2093.png
assets\emot\small\2094.png
assets\emot\small\2095.png
assets\emot\small\2096.png
assets\emot\small\2097.png
assets\emot\small\2098.png
assets\emot\small\2099.png
assets\emot\small\2100.png
assets\emot\small\2101.png
assets\emot\small\2102.png
assets\emot\small\2103.png
assets\emot\small\2104.png
assets\emot\small\2105.png
assets\emot\small\2106.png
assets\emot\small\2107.png
assets\emot\small\2108.png
assets\emot\small\2109.png
assets\emot\small\2110.png
assets\emot\small\2112.png
assets\emot\small\2113.png
assets\emot\small\2114.png
assets\emot\small\2115.png
assets\emot\small\2116.png
assets\emot\small\2117.png
assets\emot\small\2118.png
assets\emot\small\2119.png
assets\emot\small\2120.png
assets\emot\small\2121.png
assets\emot\small\2122.png
assets\emot\small\2123.png
assets\emot\small\2124.png
assets\emot\small\2125.png
assets\emot\small\2126.png
assets\emot\small\2127.png
assets\emot\small\2128.png
assets\emot\small\2129.png
assets\emot\small\2130.png
assets\emot\small\2131.png
assets\emot\small\2132.png
assets\emot\small\2133.png
assets\emot\small\2134.png
assets\emot\small\2135.png
assets\emot\small\2136.png
assets\emot\small\2137.png
assets\emot\small\2138.png
assets\emot\small\2139.png
assets\emot\small\2140.png
assets\emot\small\2141.png
assets\emot\small\2142.png
assets\emot\small\2143.png
assets\emot\small\2144.png
assets\emot\small\2145.png
assets\emot\small\2146.png
assets\emot\small\2147.png
assets\emot\small\2148.png
assets\emot\small\2149.png
assets\emot\small\2150.png
assets\emot\small\2151.png
assets\emot\small\2152.png
assets\emot\small\2153.png
assets\emot\small\2154.png
assets\emot\small\2155.png
assets\emot\small\2156.png
assets\emot\small\2157.png
assets\emot\small\2158.png
assets\emot\small\2159.png
assets\emot\small\2160.png
assets\emot\small\2161.png
assets\emot\small\2162.png
assets\emot\small\2163.png
assets\emot\small\2164.png
assets\emot\small\2165.png
assets\emot\small\2166.png
assets\emot\small\2167.png
assets\emot\small\2168.png
assets\emot\small\2169.png
assets\emot\small\2170.png
assets\emot\small\2171.png
assets\emot\small\2172.png
assets\emot\small\2173.png
assets\emot\small\2174.png
assets\emot\small\2175.png
assets\emot\small\2176.png
assets\emot\small\2177.png
assets\emot\small\2178.png
assets\emot\small\2179.png
assets\emot\small\2180.png
assets\emot\small\2181.png
assets\emot\small\2182.png
assets\emot\small\2183.png
assets\emot\small\2184.png
assets\emot\small\2185.png
assets\emot\small\2186.png
assets\emot\small\2187.png
assets\emot\small\2188.png
assets\emot\small\2189.png
assets\emot\small\2190.png
assets\emot\small\2191.png
assets\emot\small\2192.png
assets\emot\small\2193.png
assets\emot\small\2194.png
assets\emot\small\2195.png
assets\emot\small\2196.png
assets\emot\small\2197.png
assets\emot\small\2198.png
assets\emot\small\2199.png
assets\emot\small\2200.png
assets\emot\small\2201.png
assets\emot\small\2202.png
assets\emot\small\2203.png
assets\emot\small\2204.png
assets\emot\small\2205.png
assets\emot\small\2206.png
assets\emot\small\2207.png
assets\emot\small\2208.png
assets\emot\small\2209.png
assets\emot\small\2210.png
assets\emot\small\2211.png
assets\emot\small\2212.png
assets\emot\small\2213.png
assets\emot\small\2214.png
assets\emot\small\2215.png
assets\emot\small\2216.png
assets\emot\small\2217.png
assets\emot\small\2218.png
assets\emot\small\2219.png
assets\emot\small\2220.png
assets\emot\small\2221.png
assets\emot\small\2223.png
assets\emot\small\2224.png
assets\emot\small\2225.png
assets\emot\small\2226.png
assets\emot\small\2227.png
assets\emot\small\2228.png
assets\emot\small\2229.png
assets\emot\small\2230.png
assets\emot\small\2231.png
assets\emot\small\2232.png
assets\emot\small\2233.png
assets\emot\small\2234.png
assets\emot\small\2235.png
assets\emot\small\2236.png
assets\emot\small\2237.png
assets\emot\small\2238.png
assets\emot\small\2239.png
assets\emot\small\2240.gif
assets\emot\small\2241.gif
assets\emot\small\2242.gif
assets\emot\small\2243.png
assets\emot\small\2244.png
assets\emot\small\2245.png
assets\emot\small\2246.png
assets\emot\small\2247.png
assets\emot\small\2248.png
assets\emot\small\2249.png
assets\emot\small\2250.png
assets\emot\small\2251.png
assets\emot\small\2252.png
assets\emot\small\2253.png
assets\emot\small\2254.png
assets\emot\small\2255.png
assets\emot\small\2256.png
assets\emot\small\2257.png
assets\emot\small\2258.png
assets\emot\small\2259.png
assets\emot\small\2260.png
assets\emot\small\2261.png
assets\emot\small\2262.png
assets\emot\small\2263.png
assets\emot\small\2264.png
assets\emot\small\2265.png
assets\emot\small\2266.png
assets\emot\small\2267.png
assets\emot\small\2268.png
assets\emot\small\2269.png
assets\emot\small\2270.png
assets\emot\small\2271.png
assets\emot\small\2272.png
assets\emot\small\2273.png
assets\emot\small\2274.png
assets\emot\small\2275.png
assets\emot\small\2276.png
assets\emot\small\2277.png
assets\emot\small\2278.png
assets\emot\small\2279.png
assets\emot\small\2280.png
assets\emot\small\2281.png
assets\emot\small\2282.png
assets\emot\small\2283.png
assets\emot\small\2284.png
assets\emot\small\2285.png
assets\emot\small\2286.png
assets\emot\small\2287.png
assets\emot\small\2288.png
assets\emot\small\2289.png
assets\emot\small\2290.png
assets\emot\small\2291.png
assets\emot\small\2292.png
assets\emot\small\2293.png
assets\emot\small\2294.png
assets\emot\small\2295.png
assets\emot\small\2296.png
assets\emot\small\2297.png
assets\emot\small\2298.png
assets\emot\small\2299.png
assets\emot\small\2300.png
assets\emot\small\2301.png
assets\emot\small\2302.png
assets\emot\small\2303.png
assets\emot\small\2304.png
assets\emot\small\2305.png
assets\emot\small\2306.png
assets\emot\small\2307.png
assets\emot\small\2308.png
assets\emot\small\2309.png
assets\emot\small\2310.png
assets\emot\small\2311.png
assets\emot\small\2312.png
assets\emot\small\2313.png
assets\emot\small\2314.png
assets\emot\small\2315.png
assets\emot\small\2316.png
assets\emot\small\2317.png
assets\emot\small\2318.png
assets\emot\small\2319.png
assets\emot\small\2320.png
assets\emot\small\2321.png
assets\emot\small\2322.png
assets\emot\small\2323.gif
assets\emot\small\2324.gif
assets\emot\small\2325.gif
assets\emot\small\2326.gif
assets\emot\small\2327.gif
assets\emot\small\2328.gif
assets\emot\small\2329.gif
assets\emot\small\2330.gif
assets\emot\small\2331.gif
assets\emot\small\2332.gif
assets\emot\small\2334.gif
assets\emot\small\2335.gif
assets\emot\small\2336.gif
assets\emot\small\2337.gif
assets\emot\small\2338.gif
assets\emot\small\2339.gif
assets\emot\small\2340.gif
assets\emot\small\2341.gif
assets\emot\small\2342.gif
assets\emot\small\2343.gif
assets\emot\small\2344.gif
assets\emot\small\2345.gif
assets\emot\small\2346.gif
assets\emot\small\2347.gif
assets\emot\small\2348.gif
assets\emot\small\2349.gif
assets\emot\small\2350.gif
assets\emot\small\2351.gif
assets\emot\small\2352.gif
assets\emot\small\2353.gif
assets\emot\small\2354.gif
assets\emot\small\2355.gif
assets\emot\small\2356.gif
assets\emot\small\2357.gif
assets\emot\small\2358.gif
assets\emot\small\2358.png
assets\emot\small\2359.gif
assets\emot\small\2360.gif
assets\emot\small\2361.gif
assets\emot\small\2362.gif
assets\emot\small\2363.gif
assets\emot\small\2363.png
assets\emot\small\2364.gif
assets\emot\small\2365.gif
assets\emot\small\2366.gif
assets\emot\small\2367.gif
assets\emot\small\2368.gif
assets\emot\small\2369.gif
assets\emot\small\2370.gif
assets\emot\small\2371.gif
assets\emot\small\2372.gif
assets\emot\small\2373.gif
assets\emot\small\2374.gif
assets\emot\small\2375.gif
assets\emot\small\2376.gif
assets\emot\small\2377.gif
assets\emot\small\2378.png
assets\emot\small\2379.png
assets\emot\small\2380.png
assets\emot\small\2381.png
assets\emot\small\2382.png
assets\emot\small\2383.png
assets\emot\small\2384.gif
assets\emot\small\2384.png
assets\emot\small\2385.gif
assets\emot\small\2385.png
assets\emot\small\2386.gif
assets\emot\small\2386.png
assets\emot\small\2387.png
assets\emot\small\2388.png
assets\emot\small\2389.gif
assets\emot\small\2389.png
assets\emot\small\2390.gif
assets\emot\small\2391.png
assets\emot\small\2392.png
assets\emot\small\2393.gif
assets\emot\small\2393.png
assets\emot\small\2394.png
assets\emot\small\2395.png
assets\emot\small\2396.gif
assets\emot\small\2396.png
assets\emot\small\2397.png
assets\emot\small\2398.png
assets\emot\small\2399.gif
assets\emot\small\2399.png
assets\emot\small\2400.png
assets\emot\small\2401.png
assets\emot\small\2402.gif
assets\emot\small\2402.png
assets\emot\small\2403.png
assets\emot\small\2404.png
assets\emot\small\2405.png
assets\emot\small\2406.png
assets\emot\small\2407.png
assets\emot\small\2408.gif
assets\emot\small\2408.png
assets\emot\small\2409.png
assets\emot\small\2410.gif
assets\emot\small\2410.png
assets\emot\small\2411.png
assets\emot\small\2412.png
assets\emot\small\2415.png
assets\emot\small\2416.png
assets\emot\small\2417.png
assets\emot\small\2418.png
assets\emot\small\2419.png
assets\emot\small\2420.png
assets\emot\small\2421.png
assets\emot\small\2422.png
assets\emot\small\2423.png
assets\emot\small\2424.png
assets\emot\small\2425.png
assets\emot\small\2426.png
assets\emot\small\2427.png
assets\emot\small\2428.png
assets\emot\small\2429.png
assets\emot\small\2430.png
assets\emot\small\2431.png
assets\emot\small\2432.png
assets\emot\small\2433.png
assets\emot\small\2434.png
assets\emot\small\2435.png
assets\emot\small\2436.png
assets\emot\small\2437.png
assets\emot\small\2438.png
assets\emot\small\2439.png
assets\emot\small\2440.png
assets\emot\small\2441.png
assets\emot\small\2442.png
assets\emot\small\2443.png
assets\emot\small\2445.png
assets\emot\td\01.gif
assets\emot\td\03.gif
assets\emot\td\04.gif
assets\emot\td\05.gif
assets\emot\td\06.gif
assets\emot\td\08.gif
assets\emot\td\09.gif
assets\emot\td\10.gif
assets\emot\td\11.gif
assets\emot\td\12.gif
assets\emot\td\14.gif
assets\emot\td\15.gif
assets\emot\td\16.gif
assets\emot\td\17.gif
assets\emot\td\18.gif
assets\emot\td\19.gif
assets\emot\td\20.gif
assets\emot\td\21.gif
assets\emot\td\22.gif
assets\emot\td\23.gif
assets\emot\td\24.gif
assets\emot\td\25.gif
assets\emot\td\27.gif
assets\emot\td\28.gif
assets\emot\td\30.gif
assets\emot\td\31.gif
assets\emot\td\32.gif
assets\emot\td\33.gif
assets\emot\td\34.gif
assets\emot\td\35.gif
assets\emot\td\36.gif
assets\emot\td\37.gif
assets\emot\td\38.gif
assets\emot\td\39.gif
assets\emot\td\40.gif
assets\emot\tsj\01.gif
assets\emot\tsj\02.gif
assets\emot\tsj\03.gif
assets\emot\tsj\04.gif
assets\emot\tsj\05.gif
assets\emot\tsj\06.gif
assets\emot\tsj\07.gif
assets\emot\tsj\08.gif
assets\emot\tsj\09.gif
assets\emot\tsj\10.gif
assets\emot\tsj\11.gif
assets\emot\tsj\12.gif
assets\emot\tsj\13.gif
assets\emot\tsj\14.gif
assets\emot\tsj\15.gif
assets\emot\tsj\16.gif
assets\emot\tsj\17.gif
assets\emot\tsj\18.gif
assets\emot\tsj\19.gif
assets\emot\tsj\20.gif
assets\emot\tsj\21.gif
assets\emot\tsj\22.gif
assets\emot\tsj\23.gif
assets\emot\tsj\24.gif
assets\emot\tsj\25.gif
assets\emot\tsj\26.gif
assets\emot\tsj\27.gif
assets\emot\tsj\28.gif
assets\emot\tsj\29.gif
assets\emot\tsj\30.gif
assets\emot\tsj\31.gif
assets\emot\tsj\32.gif
assets\emot\tsj\33.gif
assets\emot\tsj\34.gif
assets\emot\tsj\35.gif
assets\emot\tsj\36.gif
assets\emot\tsj\37.gif
assets\emot\tsj\38.gif
assets\emot\tsj\39.gif
assets\emot\tsj\40.gif
assets\emot\zuohe\01.gif
assets\emot\zuohe\02.gif
assets\emot\zuohe\03.gif
assets\emot\zuohe\04.gif
assets\emot\zuohe\05.gif
assets\emot\zuohe\06.gif
assets\emot\zuohe\07.gif
assets\emot\zuohe\08.gif
assets\emot\zuohe\09.gif
assets\emot\zuohe\10.gif
assets\emot\zuohe\11.gif
assets\emot\zuohe\12.gif
assets\emot\zuohe\13.gif
assets\emot\zuohe\14.gif
assets\emot\zuohe\15.gif
assets\emot\zuohe\16.gif
assets\emot\zuohe\17.gif
assets\emot\zuohe\18.gif
assets\emot\zuohe\19.gif
assets\emot\zuohe\20.gif
assets\emot\zuohe\21.gif
assets\emot\zuohe\22.gif
assets\emot\zuohe\23.gif
assets\emot\zuohe\24.gif
assets\emot\zuohe\25.gif
assets\emot\zuohe\26.gif
assets\emot\zuohe\27.gif
assets\emot\zuohe\28.gif
assets\emot\zuohe\29.gif
assets\emot\zuohe\30.gif
assets\emot\zuohe\31.gif
assets\emot\zuohe\32.gif
assets\emot\zuohe\33.gif
assets\emot\zuohe\34.gif
assets\emot\zuohe\35.gif
assets\emot\zuohe\36.gif
assets\emot\zuohe\37.gif
assets\emot\zuohe\38.gif
assets\emot\zuohe\39.gif
assets\emot\zuohe\40.gif
assets\emot\zuohe\41.gif
assets\emot\zuohe\42.gif
assets\emot\zuohe\43.gif
assets\font\acfun-frontend-next.eot
assets\font\acfun-frontend-next.eot#iefix
assets\font\acfun-frontend-next.svg#iconfont
assets\font\acfun-frontend-next.ttf
assets\font\acfun-frontend-next.woff
assets\font\AcFunSymbol-Regular.eot
assets\font\AcFunSymbol-Regular.eot#iefix
assets\font\AcFunSymbol-Regular.ttf
assets\font\AcFunSymbol-Regular.woff
assets\font\iconfont.eot
assets\font\iconfont.eot#iefix
assets\font\iconfont.svg
assets\font\iconfont.ttf
assets\font\iconfont.woff
assets\font\iconfont_ks.eot
assets\font\iconfont_ks.eot#iefix
assets\font\iconfont_ks.svg
assets\font\iconfont_ks.svg#iconfont
assets\font\iconfont_ks.ttf
assets\font\iconfont_ks.woff
assets\font\iconfont_new.eot
assets\font\iconfont_new.eot#iefix
assets\font\iconfont_new.svg
assets\font\iconfont_new.ttf
assets\font\iconfont_new.woff
assets\img\404img.png
assets\img\42.gif
assets\img\acfunfavicon.png
assets\img\acfunlogo.svg
assets\img\acfun_player_logo.png
assets\img\acniang404.png
assets\img\acsaverlogo.png
assets\img\acsaverlogo.svg
assets\img\app-download.png
assets\img\arrow.png
assets\img\avatar_default.jpg
assets\img\banana.png
assets\img\banana1.png
assets\img\BananaCard.svg
assets\img\bananad.png
assets\img\banana_+.png
assets\img\banana_1.png
assets\img\banana_2.png
assets\img\banana_3.png
assets\img\banana_4.png
assets\img\banana_5.png
assets\img\bg-stage.png
assets\img\close.svg
assets\img\collect.png
assets\img\collect1.png
assets\img\collected.png
assets\img\comm.png
assets\img\creative-tips-new.png
assets\img\credit.png
assets\img\defaultAvatar.jpg
assets\img\default_cover.png
assets\img\down.png
assets\img\eating.png
assets\img\empty.svg
assets\img\error.png
assets\img\exit.png
assets\img\frame1.svg
assets\img\frame12.svg
assets\img\icon-step-g.svg
assets\img\icon-step-r.svg
assets\img\iconfont.svg
assets\img\iconfont_new.svg
assets\img\icon_acbi.svg
assets\img\icon_arrow.svg
assets\img\icon_arrow_hover.svg
assets\img\icon_arrow_slim_up.svg
assets\img\icon_avi.svg
assets\img\icon_avi_big.svg
assets\img\icon_banana.png
assets\img\icon_banana.svg
assets\img\icon_bananaer_fl.svg
assets\img\icon_banana_active.png
assets\img\icon_banana_active.svg
assets\img\icon_banana_hover.svg
assets\img\icon_comment_gd.svg
assets\img\icon_comment_gd@4x.png
assets\img\icon_comment_gd_hover.svg
assets\img\icon_comment_gd_hover@4x.png
assets\img\icon_comment_gz@4x.png
assets\img\icon_comment_heji_pc.png
assets\img\icon_comment_human_pc.png
assets\img\icon_comment_pc_vid_18_3.png
assets\img\icon_comment_sx@4x.png
assets\img\icon_comment_video_pc.png
assets\img\icon_computer.svg
assets\img\icon_follow.svg
assets\img\icon_follow_hover.svg
assets\img\icon_gjdm.svg
assets\img\icon_gjdm_big.svg
assets\img\icon_ipad.svg
assets\img\icon_lab.svg
assets\img\icon_lab_hover.svg
assets\img\icon_like.svg
assets\img\icon_message.svg
assets\img\icon_monkey_new.svg
assets\img\icon_monkey_new_big.svg
assets\img\icon_Navigation.svg
assets\img\icon_online.svg
assets\img\icon_peach_active.png
assets\img\icon_phone.svg
assets\img\icon_phone_hover.svg
assets\img\icon_popup_article_pc.png
assets\img\icon_share.svg
assets\img\icon_share_bdtb.svg
assets\img\icon_share_hover.svg
assets\img\icon_share_qqkl.svg
assets\img\icon_share_wb.svg
assets\img\icon_to_comm.svg
assets\img\icon_to_comm_hover.svg
assets\img\icon_up.svg
assets\img\icon_upload.svg
assets\img\icon_upload_hover.svg
assets\img\icon_up_big.svg
assets\img\icon_v.svg
assets\img\icon_view_player.svg
assets\img\icon_v_big.svg
assets\img\img-logo.png
assets\img\likeFrames.png
assets\img\liveing.gif
assets\img\loading.gif
assets\img\loading.png
assets\img\logo-gray.png
assets\img\logo.png
assets\img\logo.svg
assets\img\mode-icon-2.png
assets\img\mode-icon.png
assets\img\peaching.png
assets\img\peach_+.png
assets\img\peach_0.png
assets\img\peach_1.png
assets\img\peach_2.png
assets\img\peach_3.png
assets\img\peach_4.png
assets\img\peach_5.png
assets\img\peach_6.png
assets\img\peach_7.png
assets\img\peach_8.png
assets\img\peach_9.png
assets\img\PhoneCard.svg
assets\img\qzone.png
assets\img\refresh-icon.png
assets\img\right.png
assets\img\searchbg.png
assets\img\selected.svg
assets\img\share.png
assets\img\ShareCard.svg
assets\img\shop.png
assets\img\tieba.png
assets\img\trg.png
assets\img\verified-yellow.png
assets\img\view.png
assets\img\web_icon_ac.svg
assets\img\wechat.png
assets\img\weibo.png
assets\js\comment.js
assets\js\danmakuList.js
assets\js\DPlayer.min.js
assets\js\DPlayer.min.js.map
assets\js\html2canvas.min.js
assets\js\index.js
assets\js\lazyload.js
assets\js\lazyload.min.js
assets\js\loader.js
assets\js\localplayer.js
assets\js\saver.js
assets\js\viewer.js
assets\js\viewer.min.js